<html>
<body>
<pre>
<h1>µVision Build Log</h1>
<h2>Tool Versions:</h2>
IDE-Version: µVision V5.26.2.0
Copyright (C) 2018 ARM Ltd and ARM Germany GmbH. All rights reserved.
License Information: s s, s, LIC=----
 
Tool Versions:
Toolchain:       MDK-Lite  Version: 5.26.2.0
Toolchain Path:  C:\Keil_v5\ARM\ARMCC\Bin
C Compiler:      Armcc.exe V5.06 update 6 (build 750)
Assembler:       Armasm.exe V5.06 update 6 (build 750)
Linker/Locator:  ArmLink.exe V5.06 update 6 (build 750)
Library Manager: ArmAr.exe V5.06 update 6 (build 750)
Hex Converter:   FromElf.exe V5.06 update 6 (build 750)
CPU DLL:         SARM.DLL V5.26.2.0
Dialog DLL:      DARMP.DLL V1.53.0.0
Target DLL:      UL2ARM.DLL V1.74.10.0
Dialog DLL:      TARMP.DLL V1.53.0.0
 
<h2>Project:</h2>
E:\LPC_2148\lpc_string.uvproj
Project File Date:  03/02/2019

<h2>Output:</h2>
*** Using Compiler 'V5.06 update 6 (build 750)', folder: 'C:\Keil_v5\ARM\ARMCC\Bin'
Rebuild target 'Target 1'
assembling Startup.s...
compiling lpc_string.c...
lpc_string.c(61): warning:  #61-D: integer operation result is out of range
  		IOSET1=en;
lpc_string.c(61): warning:  #68-D: integer conversion resulted in a change of sign
  		IOSET1=en;
lpc_string.c(63): warning:  #61-D: integer operation result is out of range
  		IOCLR1=en;
lpc_string.c(63): warning:  #68-D: integer conversion resulted in a change of sign
  		IOCLR1=en;
lpc_string.c(73): warning:  #61-D: integer operation result is out of range
  		IOSET1=en;
lpc_string.c(73): warning:  #68-D: integer conversion resulted in a change of sign
  		IOSET1=en;
lpc_string.c(75): warning:  #61-D: integer operation result is out of range
  	  IOCLR1=en;
lpc_string.c(75): warning:  #68-D: integer conversion resulted in a change of sign
  	  IOCLR1=en;
lpc_string.c: 8 warnings, 0 errors
linking...
Program Size: Code=1116 RO-data=16 RW-data=0 ZI-data=1256  
FromELF: creating hex file...
".\Objects\lpc_string.axf" - 0 Error(s), 8 Warning(s).
Build Time Elapsed:  00:00:01
</pre>
</body>
</html>
